src/components/CodeEditor.vue(151,35): error TS2345: Argument of type '((doc: string) => { from: number; to: number; message: string; }[]) | Extension' is not assignable to parameter of type 'Extension'.
  Type '(doc: string) => { from: number; to: number; message: string; }[]' is not assignable to type 'Extension'.
src/pages/account/AccountView.vue(142,118): error TS2345: Argument of type 'DefaultRow' is not assignable to parameter of type 'CloudflareAccount'.
  Type 'DefaultRow' is missing the following properties from type 'CloudflareAccount': id, name, authType, identity, and 9 more.
src/pages/account/AccountView.vue(143,127): error TS2345: Argument of type 'DefaultRow' is not assignable to parameter of type 'CloudflareAccount'.
  Type 'DefaultRow' is missing the following properties from type 'CloudflareAccount': id, name, authType, identity, and 9 more.
src/pages/account/AccountView.vue(144,84): error TS2345: Argument of type 'DefaultRow' is not assignable to parameter of type 'CloudflareAccount'.
  Type 'DefaultRow' is missing the following properties from type 'CloudflareAccount': id, name, authType, identity, and 9 more.
src/pages/account/AccountView.vue(145,82): error TS2345: Argument of type 'DefaultRow' is not assignable to parameter of type 'CloudflareAccount'.
  Type 'DefaultRow' is missing the following properties from type 'CloudflareAccount': id, name, authType, identity, and 9 more.
src/pages/batch/BatchView.vue(42,37): error TS2345: Argument of type 'DefaultRow' is not assignable to parameter of type 'BatchTask'.
  Type 'DefaultRow' is missing the following properties from type 'BatchTask': id, type, title, status, and 8 more.
src/pages/batch/BatchView.vue(380,31): error TS2345: Argument of type 'string | undefined' is not assignable to parameter of type 'string'.
  Type 'undefined' is not assignable to type 'string'.
src/pages/batch/BatchView.vue(392,31): error TS2345: Argument of type 'string | undefined' is not assignable to parameter of type 'string'.
  Type 'undefined' is not assignable to type 'string'.
src/pages/dashboard/IndexView.vue(119,37): error TS2724: '"@/utils/db"' has no exported member named 'InspectionIssue'. Did you mean 'saveInspectionIssues'?
src/pages/dns/DnsView.vue(39,36): error TS2345: Argument of type 'DefaultRow' is not assignable to parameter of type 'CfZone'.
  Type 'DefaultRow' is missing the following properties from type 'CfZone': id, name, status, paused, type
src/pages/dns/DnsView.vue(57,76): error TS2345: Argument of type 'DefaultRow' is not assignable to parameter of type 'CfZone'.
  Type 'DefaultRow' is missing the following properties from type 'CfZone': id, name, status, paused, type
src/pages/dns/DnsView.vue(58,61): error TS2345: Argument of type 'DefaultRow' is not assignable to parameter of type 'CfZone'.
  Type 'DefaultRow' is missing the following properties from type 'CfZone': id, name, status, paused, type
src/pages/dns/DnsView.vue(59,64): error TS2345: Argument of type 'DefaultRow' is not assignable to parameter of type 'CfZone'.
  Type 'DefaultRow' is missing the following properties from type 'CfZone': id, name, status, paused, type
src/pages/dns/DnsView.vue(62,77): error TS2345: Argument of type 'DefaultRow' is not assignable to parameter of type 'CfZone'.
  Type 'DefaultRow' is missing the following properties from type 'CfZone': id, name, status, paused, type
src/pages/dns/DnsView.vue(102,43): error TS2322: Type '(force?: boolean) => Promise<void>' is not assignable to type '(evt: MouseEvent) => any'.
  Types of parameters 'force' and 'evt' are incompatible.
    Type 'MouseEvent' is not assignable to type 'boolean | undefined'.
src/pages/dns/DnsView.vue(172,72): error TS2345: Argument of type 'DefaultRow' is not assignable to parameter of type 'CfDnsRecord'.
  Type 'DefaultRow' is missing the following properties from type 'CfDnsRecord': id, zone_id, zone_name, name, and 5 more.
src/pages/dns/DnsView.vue(181,84): error TS2345: Argument of type 'DefaultRow' is not assignable to parameter of type 'CfDnsRecord'.
  Type 'DefaultRow' is missing the following properties from type 'CfDnsRecord': id, zone_id, zone_name, name, and 5 more.
src/pages/dns/DnsView.vue(182,79): error TS2345: Argument of type 'DefaultRow' is not assignable to parameter of type 'CfDnsRecord'.
  Type 'DefaultRow' is missing the following properties from type 'CfDnsRecord': id, zone_id, zone_name, name, and 5 more.
src/pages/log/LogView.vue(180,9): error TS2739: Type '{ info: string; warning: string; error: string; }' is missing the following properties from type 'Record<LogLevel, string>': debug, success
src/pages/pages/PagesView.vue(54,76): error TS2345: Argument of type 'DefaultRow' is not assignable to parameter of type 'CfPagesProject'.
  Property 'name' is missing in type 'DefaultRow' but required in type 'CfPagesProject'.
src/pages/pages/PagesView.vue(55,68): error TS2345: Argument of type 'DefaultRow' is not assignable to parameter of type 'CfPagesProject'.
  Property 'name' is missing in type 'DefaultRow' but required in type 'CfPagesProject'.
src/pages/pages/PagesView.vue(56,78): error TS2345: Argument of type 'DefaultRow' is not assignable to parameter of type 'CfPagesProject'.
  Property 'name' is missing in type 'DefaultRow' but required in type 'CfPagesProject'.
src/pages/pages/PagesView.vue(157,76): error TS2345: Argument of type 'DefaultRow' is not assignable to parameter of type 'CfPagesDeployment'.
  Property 'id' is missing in type 'DefaultRow' but required in type 'CfPagesDeployment'.
src/pages/pages/PagesView.vue(158,64): error TS2345: Argument of type 'DefaultRow' is not assignable to parameter of type 'CfPagesDeployment'.
  Property 'id' is missing in type 'DefaultRow' but required in type 'CfPagesDeployment'.
src/pages/settings/SettingsView.vue(9,55): error TS2322: Type '(mode: string | number | boolean) => Promise<void>' is not assignable to type '(val: string | number | boolean | undefined) => any'.
  Types of parameters 'mode' and 'val' are incompatible.
    Type 'string | number | boolean | undefined' is not assignable to type 'string | number | boolean'.
      Type 'undefined' is not assignable to type 'string | number | boolean'.
src/pages/waf/WafView.vue(50,84): error TS2345: Argument of type 'DefaultRow' is not assignable to parameter of type 'CfAccessRule'.
  Property 'id' is missing in type 'DefaultRow' but required in type 'CfAccessRule'.
src/pages/waf/WafView.vue(51,79): error TS2345: Argument of type 'DefaultRow' is not assignable to parameter of type 'CfAccessRule'.
  Property 'id' is missing in type 'DefaultRow' but required in type 'CfAccessRule'.
src/pages/waf/WafView.vue(64,66): error TS2345: Argument of type 'DefaultRow' is not assignable to parameter of type 'CfRateLimit'.
  Property 'id' is missing in type 'DefaultRow' but required in type 'CfRateLimit'.
src/pages/waf/WafView.vue(80,78): error TS2345: Argument of type 'DefaultRow' is not assignable to parameter of type 'CfRateLimit'.
  Property 'id' is missing in type 'DefaultRow' but required in type 'CfRateLimit'.
src/pages/waf/WafView.vue(86,85): error TS2345: Argument of type 'DefaultRow' is not assignable to parameter of type 'CfRateLimit'.
  Property 'id' is missing in type 'DefaultRow' but required in type 'CfRateLimit'.
src/pages/waf/WafView.vue(87,84): error TS2345: Argument of type 'DefaultRow' is not assignable to parameter of type 'CfRateLimit'.
  Property 'id' is missing in type 'DefaultRow' but required in type 'CfRateLimit'.
src/pages/workers/WorkersView.vue(25,44): error TS2345: Argument of type 'DefaultRow' is not assignable to parameter of type 'CfWorkerScript'.
  Property 'id' is missing in type 'DefaultRow' but required in type 'CfWorkerScript'.
src/pages/workers/WorkersView.vue(40,76): error TS2345: Argument of type 'DefaultRow' is not assignable to parameter of type 'CfWorkerScript'.
  Property 'id' is missing in type 'DefaultRow' but required in type 'CfWorkerScript'.
src/pages/workers/WorkersView.vue(41,79): error TS2345: Argument of type 'DefaultRow' is not assignable to parameter of type 'CfWorkerScript'.
  Property 'id' is missing in type 'DefaultRow' but required in type 'CfWorkerScript'.
src/pages/workers/WorkersView.vue(155,83): error TS2345: Argument of type 'DefaultRow' is not assignable to parameter of type 'CfWorkerRoute'.
  Type 'DefaultRow' is missing the following properties from type 'CfWorkerRoute': id, script, pattern
src/pages/workers/WorkersView.vue(156,82): error TS2345: Argument of type 'DefaultRow' is not assignable to parameter of type 'CfWorkerRoute'.
  Type 'DefaultRow' is missing the following properties from type 'CfWorkerRoute': id, script, pattern
src/pages/workers/WorkersView.vue(611,93): error TS2345: Argument of type 'Record<string, unknown>[]' is not assignable to parameter of type '{ type: "json" | "plain_text" | "secret_text"; name: string; text?: string | undefined; json?: string | undefined; }[]'.
  Type 'Record<string, unknown>' is missing the following properties from type '{ type: "json" | "plain_text" | "secret_text"; name: string; text?: string | undefined; json?: string | undefined; }': type, name
src/store/useAccountStore.ts(145,5): error TS1042: 'private' modifier cannot be used here.
src/store/useAccountStore.ts(145,5): error TS1184: Modifiers cannot appear here.
src/store/useAccountStore.ts(275,7): error TS2552: Cannot find name 'credentialCache'. Did you mean 'credential'?
src/store/useAccountStore.ts(487,9): error TS2322: Type '{ accountId: string; accountName: string; target: string; }[]' is not assignable to type 'BatchSubTaskResult[]'.
  Type '{ accountId: string; accountName: string; target: string; }' is missing the following properties from type 'BatchSubTaskResult': success, finishedAt
src/store/useResourceStore.ts(83,52): error TS2345: Argument of type '{ __accountId: string; }[]' is not assignable to parameter of type 'CfZone[]'.
  Type '{ __accountId: string; }' is missing the following properties from type 'CfZone': id, name, status, paused, type
src/store/useResourceStore.ts(304,73): error TS2339: Property 'value' does not exist on type 'PromiseSettledResult<{ __accountId: string | undefined; __zoneId: string; __zoneName: string; id: string; notes?: string | null | undefined; allowed_modes?: string[] | undefined; mode?: string | undefined; ... 4 more ...; group?: { ...; } | undefined; }[] | null>'.
  Property 'value' does not exist on type 'PromiseRejectedResult'.
